[ova-investment.com/index.html]
[backblue.gif]
[fade.gif]
[index.html]
[ova-investment.com/assets/images/favicon/favicon-96x96.png]
[ova-investment.com/assets/images/favicon/favicon.svg]
[ova-investment.com/assets/images/favicon/favicon.ico]
[ova-investment.com/assets/images/favicon/apple-touch-icon.png]
[ova-investment.com/assets/images/favicon/site.webmanifest]
[ova-investment.com/assets/images/share.jpg]
[ova-investment.com/assets/styles/main.css]
[ova-investment.com/assets/images/logo-menu.avif]
[ova-investment.com/assets/images/logo-menu-small.avif]
[ova-investment.com/assets/images/menu-home.avif]
[ova-investment.com/assets/images/menu-portfolio.avif]
[ova-investment.com/assets/images/menu-manifesto.avif]
[ova-investment.com/assets/images/menu-about.avif]
[ova-investment.com/assets/images/menu-contact.avif]
[ova-investment.com/assets/images/logo-ova.avif]
[ova-investment.com/assets/images/hero-1.avif]
[ova-investment.com/assets/images/hero-2.avif]
[ova-investment.com/assets/images/portfolio-tech.avif]
[ova-investment.com/assets/images/portfolio-immo.avif]
[ova-investment.com/assets/images/portfolio-sante.avif]
[ova-investment.com/assets/images/portfolio-tourisme.avif]
[ova-investment.com/assets/images/portfolio-finance.avif]
[ova-investment.com/assets/images/portfolio-pub.avif]
[ova-investment.com/assets/images/portfolio-energie.avif]
[ova-investment.com/assets/images/portfolio-divertissement.avif]
[ova-investment.com/assets/images/manifesto.avif]
[ova-investment.com/assets/images/about-1.avif]
[ova-investment.com/assets/images/about-2.avif]
[ova-investment.com/assets/images/contact.avif]
[ova-investment.com/index.html]
[ova-investment.com/assets/images/favicon/favicon.svg]
[ova-investment.com/assets/scripts/app.js]
[ova-investment.com/assets/fonts/NeueMontreal-Light.woff2]
[ova-investment.com/assets/fonts/NeueMontreal-Light.woff]
[ova-investment.com/assets/fonts/NeueMontreal-Regular.woff2]
[ova-investment.com/assets/fonts/NeueMontreal-Regular.woff]
[ova-investment.com/assets/fonts/NeueMontreal-Bold.woff2]
[ova-investment.com/assets/fonts/NeueMontreal-Bold.woff]
[ova-investment.com/assets/fonts/GeistMono-Regular.woff2]
[ova-investment.com/assets/fonts/GeistMono-Regular.woff]
[ova-investment.com/assets/fonts/GeistMono-Medium.woff2]
[ova-investment.com/assets/fonts/GeistMono-Medium.woff]
[ova-investment.com/assets/fonts/GeistMono-Bold.woff2]
[ova-investment.com/assets/styles/main.css]
[ova-investment.com/assets/fonts/GeistMono-Bold.woff]
